18:26:43 **** Incremental Build of configuration Debug for project Practica5 ****
make -j4 all 
arm-none-eabi-gcc "../Src/main.c" -mcpu=cortex-m4 -std=gnu11 -g3 -DDEBUG -DSTM32 -DSTM32F429ZITx -DSTM32F4 -DNUCLEO_F429ZI -DUSE_HAL_DRIVER -DSTM32F429xx -c -I../Inc -I"C:/Users/Gabriel/Documents/GitHub/PdM/Practica5/Drivers/STM32F4xx_HAL_Driver/Inc" -I"C:/Users/Gabriel/Documents/GitHub/PdM/Practica5/Drivers/CMSIS/Include" -I"C:/Users/Gabriel/Documents/GitHub/PdM/Practica5/Drivers/CMSIS/Device/ST/STM32F4xx/Include" -I"C:/Users/Gabriel/Documents/GitHub/PdM/Practica5/Drivers/BSP/STM32F4xx_Nucleo_144" -I"C:/Users/Gabriel/Documents/GitHub/PdM/Practica5/Drivers/Core/Inc" -I"C:/Users/Gabriel/Documents/GitHub/PdM/Practica5/Drivers/API/inc" -O0 -ffunction-sections -fdata-sections -Wall -fstack-usage -MMD -MP -MF"Src/main.d" -MT"Src/main.o" --specs=nano.specs -mfpu=fpv4-sp-d16 -mfloat-abi=hard -mthumb -o "Src/main.o"
arm-none-eabi-gcc -o "Practica5.elf" @"objects.list"   -mcpu=cortex-m4 -T"C:\Users\Gabriel\Documents\GitHub\PdM\Practica5\STM32F429ZITX_FLASH.ld" --specs=nosys.specs -Wl,-Map="Practica5.map" -Wl,--gc-sections -static --specs=nano.specs -mfpu=fpv4-sp-d16 -mfloat-abi=hard -mthumb -Wl,--start-group -lc -lm -Wl,--end-group
Finished building target: Practica5.elf
 
arm-none-eabi-size   Practica5.elf 
arm-none-eabi-objdump -h -S  Practica5.elf  > "Practica5.list"
   text	   data	    bss	    dec	    hex	filename
  10336	    104	   1672	  12112	   2f50	Practica5.elf
Finished building: default.size.stdout
 
Finished building: Practica5.list
 
