13:01:53 **** Incremental Build of configuration Debug for project Practica4.2 ****
make -j4 all 
arm-none-eabi-gcc "../Drivers/API/src/API_debounce.c" -mcpu=cortex-m4 -std=gnu11 -g3 -DDEBUG -DSTM32 -DSTM32F429ZITx -DSTM32F4 -DNUCLEO_F429ZI -DUSE_HAL_DRIVER -DSTM32F429xx -c -I../Inc -I"C:/Users/Gabriel/Documents/GitHub/PdM/Practica4.2/Drivers/STM32F4xx_HAL_Driver/Inc" -I"C:/Users/Gabriel/Documents/GitHub/PdM/Practica4.2/Drivers/CMSIS/Include" -I"C:/Users/Gabriel/Documents/GitHub/PdM/Practica4.2/Drivers/CMSIS/Device/ST/STM32F4xx/Include" -I"C:/Users/Gabriel/Documents/GitHub/PdM/Practica4.2/Drivers/BSP/STM32F4xx_Nucleo_144" -I"C:/Users/Gabriel/Documents/GitHub/PdM/Practica4.2/Drivers/Core/Inc" -I"C:/Users/Gabriel/Documents/GitHub/PdM/Practica4.2/Drivers/API/inc" -O0 -ffunction-sections -fdata-sections -Wall -fstack-usage -MMD -MP -MF"Drivers/API/src/API_debounce.d" -MT"Drivers/API/src/API_debounce.o" --specs=nano.specs -mfpu=fpv4-sp-d16 -mfloat-abi=hard -mthumb -o "Drivers/API/src/API_debounce.o"
arm-none-eabi-gcc -o "Practica4.2.elf" @"objects.list"   -mcpu=cortex-m4 -T"C:\Users\Gabriel\Documents\GitHub\PdM\Practica4.2\STM32F429ZITX_FLASH.ld" --specs=nosys.specs -Wl,-Map="Practica4.2.map" -Wl,--gc-sections -static --specs=nano.specs -mfpu=fpv4-sp-d16 -mfloat-abi=hard -mthumb -Wl,--start-group -lc -lm -Wl,--end-group
Finished building target: Practica4.2.elf
 
arm-none-eabi-size   Practica4.2.elf 
arm-none-eabi-objdump -h -S  Practica4.2.elf  > "Practica4.2.list"
   text	   data	    bss	    dec	    hex	filename
   7216	     44	   1596	   8856	   2298	Practica4.2.elf
Finished building: default.size.stdout
 
Finished building: Practica4.2.list
 
13:02:03 **** Incremental Build of configuration Debug for project Practica4.2 ****
make -j4 all 
arm-none-eabi-size   Practica4.2.elf 
   text	   data	    bss	    dec	    hex	filename
   7216	     44	   1596	   8856	   2298	Practica4.2.elf
Finished building: default.size.stdout
 
